Microchip Technology Inc, v1.33 (A)

Tool Name:
  /opt/microchip/xc16/v1.33/bin/bin/../bin/elf-ld

Command:
  -p30F6014A \
  -o \
  dist/default/production/demoGCtronic.X.production.elf \
  -L/opt/microchip/xc16/v1.33/bin/bin/.. \
  -L/opt/microchip/xc16/v1.33/bin/bin/../../lib \
  -L/opt/microchip/xc16/v1.33/bin/bin/../../support/PIC24E/gld \
  -L/opt/microchip/xc16/v1.33/bin/bin/../../support/PIC24F/gld \
  -L/opt/microchip/xc16/v1.33/bin/bin/../../support/PIC24H/gld \
  -L/opt/microchip/xc16/v1.33/bin/bin/../../support/dsPIC30F/gld \
  -L/opt/microchip/xc16/v1.33/bin/bin/../../support/dsPIC33C/gld \
  -L/opt/microchip/xc16/v1.33/bin/bin/../../support/dsPIC33E/gld \
  -L/opt/microchip/xc16/v1.33/bin/bin/../../support/dsPIC33F/gld \
  build/default/production/_ext/1472/Asercom.o \
  build/default/production/_ext/1472/DataEEPROM.o \
  build/default/production/_ext/1472/main_c.o \
  build/default/production/_ext/1472/runaccelerometer.o \
  build/default/production/_ext/1472/runbreitenberg_adv.o \
  build/default/production/_ext/1472/rungrounddirection.o \
  build/default/production/_ext/1472/runshow.o \
  build/default/production/_ext/1472/runwallfollow.o \
  build/default/production/_ext/1472/translatorI2C.o \
  build/default/production/_ext/1949949662/e_led.o \
  build/default/production/_ext/1949949662/e_motors.o \
  build/default/production/_ext/1362274096/e_ad_conv.o \
  build/default/production/_ext/904308887/utility.o \
  build/default/production/_ext/417766185/e_I2C_master_module.o \
  build/default/production/_ext/930121020/e_common.o \
  build/default/production/_ext/1362274096/e_acc.o \
  build/default/production/_ext/64492303/e_uart1_tx_char.o \
  build/default/production/_ext/64492303/e_uart2_tx_char.o \
  build/default/production/_ext/64492303/e_uart2_rx_char.o \
  build/default/production/_ext/64492303/e_uart1_rx_char.o \
  build/default/production/_ext/1949949662/e_remote_control.o \
  build/default/production/_ext/1259340286/e_init_port.o \
  build/default/production/_ext/1949949662/e_agenda.o \
  build/default/production/_ext/417766185/e_I2C_protocol.o \
  build/default/production/_ext/1362274096/e_prox.o \
  build/default/production/_ext/2015481517/e_sound.o \
  build/default/production/_ext/930121020/e_po6030k_registers.o \
  build/default/production/_ext/930121020/e_po3030k_registers.o \
  build/default/production/_ext/930121020/e_po8030d_registers.o \
  build/default/production/_ext/2015481517/e_sub_dci_kickoff.o \
  build/default/production/_ext/2015481517/e_init_dci_master.o \
  build/default/production/_ext/2015481517/e_init_codec_slave.o \
  build/default/production/_ext/1362274096/e_micro.o \
  build/default/production/_ext/663421589/e_bluetooth.o \
  build/default/production/_ext/930121020/e_calc_po3030k.o \
  build/default/production/_ext/930121020/e_calc_po6030k.o \
  build/default/production/_ext/930121020/e_calc_po8030d.o \
  build/default/production/_ext/930121020/e_timers.o \
  build/default/production/_ext/64492303/e_init_uart1.o \
  build/default/production/_ext/64492303/e_init_uart2.o \
  build/default/production/_ext/2015481517/e_const_sound.o \
  build/default/production/_ext/2015481517/e_isr_dci.o \
  build/default/production/_ext/930121020/e_interrupt.o \
  build/default/production/_ext/851769008/e_lsm330.o \
  build/default/production/_ext/1472/rungyroscope.o \
  build/default/production/_ext/1472/runsquare.o \
  build/default/production/_ext/1472/rundetectsound.o \
  --defsym=__MPLAB_BUILD=1 \
  --heap=128 \
  --stack=500 \
  -L/opt/microchip/xc16/v1.33/lib \
  -L/opt/microchip/xc16/v1.33/lib/support/dsPIC30F/gld \
  -Map=dist/default/production/demoGCtronic.X.production.map \
  --report-mem \
  -Tp30F6014A.gld.00 \
  -start-group \
  --library=lega-pic30-elf \
  --library=m-elf \
  --library=lega-c-elf \
  -end-group \


Optional library libp30F6014A.a not found
Archive member included because of file (symbol)

/opt/microchip/xc16/v1.33/bin/bin/../../lib/liblega-pic30-elf.a(crt0_standard.o)
                              (__resetPRI)
/opt/microchip/xc16/v1.33/bin/bin/../../lib/liblega-pic30-elf.a(data_init_standard.o)
                              /opt/microchip/xc16/v1.33/bin/bin/../../lib/liblega-pic30-elf.a(crt0_standard.o) (__data_init_standard)
/opt/microchip/xc16/v1.33/bin/bin/../../lib/liblega-pic30-elf.a(crt_start_mode_normal.Leo)
                              (__crt_start_mode_normal)
/opt/microchip/xc16/v1.33/bin/bin/../../lib/libm-elf.a(addsf3.eo)
                              build/default/production/_ext/1362274096/e_acc.o (___subsf3)
/opt/microchip/xc16/v1.33/bin/bin/../../lib/libm-elf.a(atan2f.eo)
                              build/default/production/_ext/1472/runaccelerometer.o (_atan2f)
/opt/microchip/xc16/v1.33/bin/bin/../../lib/libm-elf.a(atanf.eo)
                              /opt/microchip/xc16/v1.33/bin/bin/../../lib/libm-elf.a(atan2f.eo) (_atanf)
/opt/microchip/xc16/v1.33/bin/bin/../../lib/libm-elf.a(divsf3.eo)
[...]
Memory Configuration

Name             Origin             Length             Attributes
data             0x000800           0x002000           a !xr
reset            0x000000           0x000004  
ivt              0x000004           0x00007c  
_reserved        0x000080           0x000004  
aivt             0x000084           0x00007c  
program          0x000100           0x017f00           xr
eedata           0x7ff000           0x001000  
FUID0            0x8005c0           0x000002  
FUID1            0x8005c2           0x000002  
FUID2            0x8005c4           0x000002  
FUID3            0x8005c6           0x000002  
FOSC             0xf80000           0x000002  
FWDT             0xf80002           0x000002  
FBORPOR          0xf80004           0x000002  
FBS              0xf80006           0x000002  
FSS              0xf80008           0x000002  
FGS              0xf8000a           0x000002  
FICD             0xf8000c           0x000002  
*default*        0x000000           0xffffffff  

Linker script and memory map

LOAD build/default/production/_ext/1472/Asercom.o
LOAD build/default/production/_ext/1472/DataEEPROM.o
LOAD build/default/production/_ext/1472/main_c.o
LOAD build/default/production/_ext/1472/runaccelerometer.o
LOAD build/default/production/_ext/1472/runbreitenberg_adv.o
LOAD build/default/production/_ext/1472/rungrounddirection.o
LOAD build/default/production/_ext/1472/runshow.o
LOAD build/default/production/_ext/1472/runwallfollow.o
LOAD build/default/production/_ext/1472/translatorI2C.o
LOAD build/default/production/_ext/1949949662/e_led.o
LOAD build/default/production/_ext/1949949662/e_motors.o
LOAD build/default/production/_ext/1362274096/e_ad_conv.o
LOAD build/default/production/_ext/904308887/utility.o
LOAD build/default/production/_ext/417766185/e_I2C_master_module.o
LOAD build/default/production/_ext/930121020/e_common.o
LOAD build/default/production/_ext/1362274096/e_acc.o
LOAD build/default/production/_ext/64492303/e_uart1_tx_char.o
LOAD build/default/production/_ext/64492303/e_uart2_tx_char.o
LOAD build/default/production/_ext/64492303/e_uart2_rx_char.o
LOAD build/default/production/_ext/64492303/e_uart1_rx_char.o
LOAD build/default/production/_ext/1949949662/e_remote_control.o
LOAD build/default/production/_ext/1259340286/e_init_port.o
LOAD build/default/production/_ext/1949949662/e_agenda.o
LOAD build/default/production/_ext/417766185/e_I2C_protocol.o
LOAD build/default/production/_ext/1362274096/e_prox.o
LOAD build/default/production/_ext/2015481517/e_sound.o
LOAD build/default/production/_ext/930121020/e_po6030k_registers.o
LOAD build/default/production/_ext/930121020/e_po3030k_registers.o
LOAD build/default/production/_ext/930121020/e_po8030d_registers.o
LOAD build/default/production/_ext/2015481517/e_sub_dci_kickoff.o
LOAD build/default/production/_ext/2015481517/e_init_dci_master.o
LOAD build/default/production/_ext/2015481517/e_init_codec_slave.o
LOAD build/default/production/_ext/1362274096/e_micro.o
LOAD build/default/production/_ext/663421589/e_bluetooth.o
LOAD build/default/production/_ext/930121020/e_calc_po3030k.o
LOAD build/default/production/_ext/930121020/e_calc_po6030k.o
LOAD build/default/production/_ext/930121020/e_calc_po8030d.o
LOAD build/default/production/_ext/930121020/e_timers.o
LOAD build/default/production/_ext/64492303/e_init_uart1.o
LOAD build/default/production/_ext/64492303/e_init_uart2.o
LOAD build/default/production/_ext/2015481517/e_const_sound.o
LOAD build/default/production/_ext/2015481517/e_isr_dci.o
LOAD build/default/production/_ext/930121020/e_interrupt.o
LOAD build/default/production/_ext/851769008/e_lsm330.o
LOAD build/default/production/_ext/1472/rungyroscope.o
LOAD build/default/production/_ext/1472/runsquare.o
LOAD build/default/production/_ext/1472/rundetectsound.o
                    0x0001                  __MPLAB_BUILD = 0x1
LOAD p30F6014A
LOAD /opt/microchip/xc16/v1.33/bin/bin/../../lib/libfx-elf.a
                    0x8005c0                  __FUID0 = 0x8005c0
                    0x8005c2                  __FUID1 = 0x8005c2
                    0x8005c4                  __FUID2 = 0x8005c4
                    0x8005c6                  __FUID3 = 0x8005c6
                    0xf80000                  __FOSC = 0xf80000
                    0xf80002                  __FWDT = 0xf80002
                    0xf80004                  __FBORPOR = 0xf80004
                    0xf80006                  __FBS = 0xf80006
                    0xf80008                  __FSS = 0xf80008
                    0xf8000a                  __FGS = 0xf8000a
                    0xf8000c                  __FICD = 0xf8000c
                    0x0100                  __CODE_BASE = 0x100
                    0x17f00                  __CODE_LENGTH = 0x17f00
                    0x0004                  __IVT_BASE = 0x4
                    0x0084                  __AIVT_BASE = 0x84
                    0x0800                  __DATA_BASE = 0x800
                    0x2000                  __DATA_LENGTH = 0x2000
                    0x1800                  __YDATA_BASE = 0x1800

.reset            0x000000          0x4
                  0x000000          0x2 SHORT 0x100 ABSOLUTE (__reset)
                  0x000001          0x2 SHORT 0x4
                  0x000002          0x2 SHORT 0x0 ((ABSOLUTE (__reset) >> 0x10) & 0x7f)
                  0x000003          0x2 SHORT 0x0

.text             0x000100       0x3212
 *(.init)
 .init            0x000100         0x4c /opt/microchip/xc16/v1.33/bin/bin/../../lib/liblega-pic30-elf.a(crt0_standard.o)
                  0x000100                  __reset
                  0x000100                  __resetPRI
                  0x00013c                  __psv_init
 .init            0x00014c         0x7c /opt/microchip/xc16/v1.33/bin/bin/../../lib/liblega-pic30-elf.a(data_init_standard.o)
                  0x000152                  __data_init
                  0x000152                  __data_init_standard
 *(.user_init)
 *(.handle)
 .handle          0x0001c8         0x28 jump_table
 *(.isr*)
 .isr.text        0x0001f0        0x45a build/default/production/_ext/1362274096/e_ad_conv.o
                  0x0001f0                  __ADCInterrupt
 .isr.text        0x00064a         0x1a build/default/production/_ext/417766185/e_I2C_master_module.o
                  0x00064a                  __MI2CInterrupt
 .isr.text        0x000664         0x42 build/default/production/_ext/1949949662/e_remote_control.o
                  0x000664                  __INT0Interrupt
 .isr.text        0x0006a6         0x6c build/default/production/_ext/1949949662/e_agenda.o
                  0x0006a6                  __T2Interrupt
 .isr.text        0x000712         0x18 build/default/production/_ext/930121020/e_timers.o
                  0x000712                  __T5Interrupt
 .isr             0x00072a          0x4 default_isr
                  0x00072a                  __DefaultInterrupt
 *(.libc)
 .libc            0x00072e         0x10 /opt/microchip/xc16/v1.33/bin/bin/../../lib/liblega-pic30-elf.a(_exit.Leo)
                  0x00072e                  __exit
 .libc            0x00073e         0x28 /opt/microchip/xc16/v1.33/bin/bin/../../lib/liblega-pic30-elf.a(sbrk.Leo)
                  0x00073e                  _sbrk
 .libc            0x000766         0x1a /opt/microchip/xc16/v1.33/bin/bin/../../lib/liblega-pic30-elf.a(brk.Lelo)
                  0x000766                  _brk
 *(.libm)
 *(.libdsp)
 *(.lib*)
 .libpic30_crt_start_mode
                  0x000780          0x2 /opt/microchip/xc16/v1.33/bin/bin/../../lib/liblega-pic30-elf.a(crt_start_mode_normal.Leo)
                  0x000780                  __crt_start_mode_normal
                  0x000780                  __crt_start_mode
 .libm.subsf3     0x000782         0xbc /opt/microchip/xc16/v1.33/bin/bin/../../lib/libm-elf.a(addsf3.eo)
                  0x000782                  ___subsf3
                  0x000784                  ___addsf3
 .libm.atanf      0x00083e         0x3a /opt/microchip/xc16/v1.33/bin/bin/../../lib/libm-elf.a(atan2f.eo)
                  0x00083e                  _atan2f
 .libm.atanf      0x000878         0xca /opt/microchip/xc16/v1.33/bin/bin/../../lib/libm-elf.a(atanf.eo)
                  0x000878                  _atanf
 .libm.divfs3     0x000942         0x84 /opt/microchip/xc16/v1.33/bin/bin/../../lib/libm-elf.a(divsf3.eo)
                  0x000942                  ___divsf3
 .libm.divsi3     0x0009c6         0x1e /opt/microchip/xc16/v1.33/bin/bin/../../lib/libm-elf.a(divsi3.eo)
                  0x0009c6                  ___divsi3
 .libm.eqsf2      0x0009e4          0x4 /opt/microchip/xc16/v1.33/bin/bin/../../lib/libm-elf.a(feqltle.eo)
                  0x0009e4                  ___lesf2
                  0x0009e4                  ___eqsf2
                  0x0009e4                  ___ltsf2
 .libm.gtsf2      0x0009e8          0x4 /opt/microchip/xc16/v1.33/bin/bin/../../lib/libm-elf.a(fgtge.eo)
                  0x0009e8                  ___gtsf2
                  0x0009e8                  ___gesf2
 .libm.fixsfsi    0x0009ec         0x42 /opt/microchip/xc16/v1.33/bin/bin/../../lib/libm-elf.a(fixsfsi.eo)
                  0x0009ec                  _(float, int, long long, short, float, short, int)
 .libm.fixunssfsi
                  0x000a2e         0x36 /opt/microchip/xc16/v1.33/bin/bin/../../lib/libm-elf.a(fixunssfsi.eo)
                  0x000a2e                  ___fixunssfsi
 .libm.floatsisf
                  0x000a64          0x6 /opt/microchip/xc16/v1.33/bin/bin/../../lib/libm-elf.a(floatsisf.eo)
                  0x000a64                  ___floatsisf
 .libm.floatunsisf
                  0x000a6a          0x4 /opt/microchip/xc16/v1.33/bin/bin/../../lib/libm-elf.a(floatunsisf.eo)
                  0x000a6a                  ___floatunsisf
 .libm.floorf     0x000a6e         0x10 /opt/microchip/xc16/v1.33/bin/bin/../../lib/libm-elf.a(floorf.eo)
                  0x000a6e                  _floorf
 .libm.nesf2      0x000a7e          0x4 /opt/microchip/xc16/v1.33/bin/bin/../../lib/libm-elf.a(fne.eo)
                  0x000a7e                  ___nesf2
 .libm.fpack      0x000a82         0x4c /opt/microchip/xc16/v1.33/bin/bin/../../lib/libm-elf.a(fpack.eo)
                  0x000a82                  __fpack
 .libm.funpack    0x000ace         0x2a /opt/microchip/xc16/v1.33/bin/bin/../../lib/libm-elf.a(funpack.eo)
                  0x000ace                  __funpack
 .libm.funpack2
                  0x000af8         0x10 /opt/microchip/xc16/v1.33/bin/bin/../../lib/libm-elf.a(funpack2.eo)
                  0x000af8                  __funpack2
 .libm.fPropagateNaN
                  0x000b08         0x12 /opt/microchip/xc16/v1.33/bin/bin/../../lib/libm-elf.a(futil.eo)
                  0x000b08                  __fPropagateNaN
 .libm.fbobExit
                  0x000b1a          0x8 /opt/microchip/xc16/v1.33/bin/bin/../../lib/libm-elf.a(futil.eo)
                  0x000b1a                  __fbopExit
 .libm.fbopReturnNaN
                  0x000b22          0x6 /opt/microchip/xc16/v1.33/bin/bin/../../lib/libm-elf.a(futil.eo)
                  0x000b22                  __fbopReturnNaN
 .libm.mulsf3     0x000b28         0x68 /opt/microchip/xc16/v1.33/bin/bin/../../lib/libm-elf.a(mulsf3.eo)
                  0x000b28                  ___mulsf3
 .libm.sqrtf      0x000b90         0x6a /opt/microchip/xc16/v1.33/bin/bin/../../lib/libm-elf.a(sqrtf.eo)
                  0x000b90                  _sqrtf
 .libm.udivsi3    0x000bfa         0x20 /opt/microchip/xc16/v1.33/bin/bin/../../lib/libm-elf.a(udivsi3.eo)
                  0x000bfa                  ___udivsi3
 .libm.fchop      0x000c1a         0x4e /opt/microchip/xc16/v1.33/bin/bin/../../lib/libm-elf.a(fchop.eo)
                  0x000c1a                  __fchop
 .libm.fcompare
                  0x000c68         0x36 /opt/microchip/xc16/v1.33/bin/bin/../../lib/libm-elf.a(fcompare.eo)
                  0x000c68                  __fcompare
 .libm.floatdisf
                  0x000c9e         0x20 /opt/microchip/xc16/v1.33/bin/bin/../../lib/libm-elf.a(floatdisf.eo)
                  0x000c9e                  ___floatdisf
 .libm.floatundisf
                  0x000cbe         0x5e /opt/microchip/xc16/v1.33/bin/bin/../../lib/libm-elf.a(floatundisf.eo)
                  0x000cbe                  ___floatundisf
 .libc.toupper    0x000d1c          0xe /opt/microchip/xc16/v1.33/bin/bin/../../lib/liblega-c-elf.a(toupper.XX_eso)
                  0x000d1c                  _toupper
 .libc.exit       0x000d2a         0x24 /opt/microchip/xc16/v1.33/bin/bin/../../lib/liblega-c-elf.a(exit.XX_eo)
                  0x000d2a                  _exit
 .libc.free       0x000d4e         0x64 /opt/microchip/xc16/v1.33/bin/bin/../../lib/liblega-c-elf.a(free.XX_eo)
                  0x000d4e                  _free
 .libc.findmem    0x000db2         0x66 /opt/microchip/xc16/v1.33/bin/bin/../../lib/liblega-c-elf.a(malloc.XX_eo)
 .libc.malloc     0x000e18         0x54 /opt/microchip/xc16/v1.33/bin/bin/../../lib/liblega-c-elf.a(malloc.XX_eo)
                  0x000e18                  _malloc
 .libc.memcpy     0x000e6c          0xe /opt/microchip/xc16/v1.33/bin/bin/../../lib/liblega-c-elf.a(memcpy.XX_eo)
                  0x000e6c                  _memcpy
 .libc.memset     0x000e7a          0xe /opt/microchip/xc16/v1.33/bin/bin/../../lib/liblega-c-elf.a(memset.XX_eo)
                  0x000e7a                  _memset
 .libc.strlen     0x000e88          0xc /opt/microchip/xc16/v1.33/bin/bin/../../lib/liblega-c-elf.a(strlen.XX_eo)
                  0x000e88                  _strlen
 .libc._Getmem    0x000e94         0x14 /opt/microchip/xc16/v1.33/bin/bin/../../lib/liblega-c-elf.a(xgetmem.XX_eo)
                  0x000e94                  __Getmem
 .libc._Stoul     0x000ea8        0x134 /opt/microchip/xc16/v1.33/bin/bin/../../lib/liblega-c-elf.a(xstoul.XX_eo)
                  0x000ea8                  __Stoul
 .libc.isspace    0x000fdc         0x10 /opt/microchip/xc16/v1.33/bin/bin/../../lib/liblega-c-elf.a(isspace.XX_elso)
                  0x000fdc                  _isspace
 .libc.tolower    0x000fec          0xe /opt/microchip/xc16/v1.33/bin/bin/../../lib/liblega-c-elf.a(tolower.XX_elso)
                  0x000fec                  _tolower
 .libc.__Scanf_cdnopuxX
                  0x000ffa        0x190 /opt/microchip/xc16/v1.33/bin/bin/../../lib/liblega-c-elf.a(xscanf_cdnopuxX.XXeo)
                  0x000ffa                  ___Scanf_cdnopuxX
 .libc.prout      0x00118a          0xe /opt/microchip/xc16/v1.33/bin/bin/../../lib/liblega-c-elf.a(sprintf_cdfFnopsuxX.XXeo)
                  0x00118a                  sprintf_cdfFnopsuxX.XXeo:_prout
 .libc._sprintf_cdfFnopsuxX
                  0x001198         0x1e /opt/microchip/xc16/v1.33/bin/bin/../../lib/liblega-c-elf.a(sprintf_cdfFnopsuxX.XXeo)
                  0x001198                  __sprintf_cdnopsuxX
                  0x001198                  __sprintf_cdfFnopuxX
                  0x001198                  __sprintf_cdfFnopsuxX
                  0x001198                  __sprintf_cdnopuxX
 .libc.__Printf_cdfFnopsuxX
                  0x0011b6        0x164 /opt/microchip/xc16/v1.33/bin/bin/../../lib/liblega-c-elf.a(xprintf_cdfFnopsuxX.XXeo)
                  0x0011b6                  ___Printf_cdnopsuxX
                  0x0011b6                  ___Printf_cdfFnopuxX
                  0x0011b6                  ___Printf_cdfFnopsuxX
                  0x0011b6                  ___Printf_cdnopuxX
 .libc.__Putfld_cdfFnopsuxX
                  0x00131a        0x2da /opt/microchip/xc16/v1.33/bin/bin/../../lib/liblega-c-elf.a(xputfld_cdfFnopsuxX.XXeo)
                  0x00131a                  ___Putfld_cdnopuxX
                  0x00131a                  ___Putfld_cdnopsuxX
                  0x00131a                  ___Putfld_cdfFnopuxX
                  0x00131a                  ___Putfld_cdfFnopsuxX
 .libc.__Ldtob_cdfFnopsuxX
                  0x0015f4        0x250 /opt/microchip/xc16/v1.33/bin/bin/../../lib/liblega-c-elf.a(xldtob_cdfFnopsuxX.XXeo)
                  0x0015f4                  ___Ldtob_cdfFnopuxX
                  0x0015f4                  ___Ldtob_cdfFnopsuxX
 .libc.__Genld_cdfFnopsuxX
                  0x001844        0x208 /opt/microchip/xc16/v1.33/bin/bin/../../lib/liblega-c-elf.a(xgenld_cdfFnopsuxX.XXeo)
                  0x001844                  ___Genld_cdfFnopuxX
                  0x001844                  ___Genld_cdfFnopsuxX
 .libc.scin       0x001a4c         0x18 /opt/microchip/xc16/v1.33/bin/bin/../../lib/liblega-c-elf.a(sscanf_cdnopsuxX.XXeo)
                  0x001a4c                  sscanf_cdnopsuxX.XXeo:_scin
 .libc._sscanf_cdnopsuxX
                  0x001a64         0x12 /opt/microchip/xc16/v1.33/bin/bin/../../lib/liblega-c-elf.a(sscanf_cdnopsuxX.XXeo)
                  0x001a64                  __sscanf_cdnopsuxX
                  0x001a64                  __sscanf_cdnopuxX
                  0x001a64                  __sscanf_s
                  0x001a64                  __sscanf_0
 .libc.__Scanf_cdnopsuxX
                  0x001a76        0x190 /opt/microchip/xc16/v1.33/bin/bin/../../lib/liblega-c-elf.a(xscanf_cdnopsuxX.XXeo)
                  0x001a76                  ___Scanf_cdnopsuxX
 .libc.__Scanf_s
                  0x001c06        0x190 /opt/microchip/xc16/v1.33/bin/bin/../../lib/liblega-c-elf.a(xscanf_s.XXeo)
                  0x001c06                  ___Scanf_s
 .libc.div        0x001d96         0x16 /opt/microchip/xc16/v1.33/bin/bin/../../lib/liblega-c-elf.a(div.XX_eo)
                  0x001d96                  _div
 .libc.ldiv       0x001dac         0x2a /opt/microchip/xc16/v1.33/bin/bin/../../lib/liblega-c-elf.a(ldiv.XX_eo)
                  0x001dac                  _ldiv
 .libc.memchr     0x001dd6         0x14 /opt/microchip/xc16/v1.33/bin/bin/../../lib/liblega-c-elf.a(memchr.XX_eo)
                  0x001dd6                  _memchr
 .libc.strchr     0x001dea         0x18 /opt/microchip/xc16/v1.33/bin/bin/../../lib/liblega-c-elf.a(strchr.XX_eo)
                  0x001dea                  _strchr
 .libc._LDunscale
                  0x001e02         0x54 /opt/microchip/xc16/v1.33/bin/bin/../../lib/liblega-c-elf.a(xldunsca.XX_eo)
                  0x001e02                  __LDunscale
 .libc._Litob     0x001e56        0x25e /opt/microchip/xc16/v1.33/bin/bin/../../lib/liblega-c-elf.a(xlitob.XX_eo)
                  0x001e56                  __Litob
 .libc._Puttxt    0x0020b4        0x178 /opt/microchip/xc16/v1.33/bin/bin/../../lib/liblega-c-elf.a(xputtxt.XX_eo)
                  0x0020b4                  __Puttxt
 .libc._Vacopy    0x00222c          0x4 /opt/microchip/xc16/v1.33/bin/bin/../../lib/liblega-c-elf.a(xvacopy.XX_eo)
                  0x00222c                  __Vacopy
 .libc._Dnorm     0x002230         0x98 /opt/microchip/xc16/v1.33/bin/bin/../../lib/liblega-c-elf.a(xdnorm.XX_elo)
                  0x002230                  __Dnorm
 .libc.__Getfld_cdnopsuxX
                  0x0022c8        0x14c /opt/microchip/xc16/v1.33/bin/bin/../../lib/liblega-c-elf.a(xgetfld_cdnopsuxX.XXeo)
                  0x0022c8                  ___Getfld_cdnopsuxX
                  0x0022c8                  ___Getfld_s
                  0x0022c8                  ___Getfld_cdnopuxX
 .libc._Getint    0x002414        0x2bc /opt/microchip/xc16/v1.33/bin/bin/../../lib/liblega-c-elf.a(xgetint.XX_eo)
                  0x002414                  __Getint
 .libc.ranmatch
                  0x0026d0         0x3a /opt/microchip/xc16/v1.33/bin/bin/../../lib/liblega-c-elf.a(xgetstr.XX_eo)
 .libc._Getstr    0x00270a        0x1e6 /opt/microchip/xc16/v1.33/bin/bin/../../lib/liblega-c-elf.a(xgetstr.XX_eo)
                  0x00270a                  __Getstr
 .libc._Stoll     0x0028f0         0xb8 /opt/microchip/xc16/v1.33/bin/bin/../../lib/liblega-c-elf.a(xstoll.XX_eo)
                  0x0028f0                  __Stoll
 .libc._Stoull    0x0029a8        0x18c /opt/microchip/xc16/v1.33/bin/bin/../../lib/liblega-c-elf.a(xstoull.XX_eo)
                  0x0029a8                  __Stoull
 .libm.eqdf2      0x002b34          0xa /opt/microchip/xc16/v1.33/bin/bin/../../lib/libm-elf.a(deqltle.eo)
                  0x002b34                  ___ledf2
                  0x002b34                  ___eqdf2
                  0x002b34                  ___ltdf2
 .libm.gtdf2      0x002b3e          0xa /opt/microchip/xc16/v1.33/bin/bin/../../lib/libm-elf.a(dgtge.eo)
                  0x002b3e                  ___gedf2
                  0x002b3e                  ___gtdf2
 .libm.divdf3     0x002b48         0xb4 /opt/microchip/xc16/v1.33/bin/bin/../../lib/libm-elf.a(divdf3.eo)
                  0x002b48                  ___divdf3
 .libm.dpack      0x002bfc         0x58 /opt/microchip/xc16/v1.33/bin/bin/../../lib/libm-elf.a(dpack.eo)
                  0x002bfc                  __dpack
 .libm.dunpack2
                  0x002c54         0x32 /opt/microchip/xc16/v1.33/bin/bin/../../lib/libm-elf.a(dunpack2.eo)
                  0x002c54                  __dunpack2
                  0x002c76                  __dreturnNaN
                  0x002c7c                  __dunpack2exit
 .libm.extendsfdf2
                  0x002c86         0x3e /opt/microchip/xc16/v1.33/bin/bin/../../lib/libm-elf.a(extendsfdf.eo)
                  0x002c86                  ___extendsfdf2
 .libm.fixdfsi    0x002cc4         0x58 /opt/microchip/xc16/v1.33/bin/bin/../../lib/libm-elf.a(fixdfsi.eo)
                  0x002cc4                  _(float, int, long long, double, float, short, int)
 .libm.floatsidf
                  0x002d1c          0x6 /opt/microchip/xc16/v1.33/bin/bin/../../lib/libm-elf.a(floatsidf.eo)
                  0x002d1c                  ___floatsidf
 *fill*           0x002d22          0x400
 .libm.muldf3     0x002d24         0xec /opt/microchip/xc16/v1.33/bin/bin/../../lib/libm-elf.a(muldf3.eo)
                  0x002d24                  ___muldf3
 .libm.subdf3     0x002e10          0x4 /opt/microchip/xc16/v1.33/bin/bin/../../lib/libm-elf.a(subdf3.eo)
                  0x002e10                  ___subdf3
 .libm.umodsi3    0x002e14          0x6 /opt/microchip/xc16/v1.33/bin/bin/../../lib/libm-elf.a(umodsi3.eo)
                  0x002e14                  ___umodsi3
 .libm.mulsi3     0x002e1a          0xc /opt/microchip/xc16/v1.33/bin/bin/../../lib/libm-elf.a(mulsi3.eo)
                  0x002e1a                  ___mulp32eds3
                  0x002e1a                  ___mulp32peds3
                  0x002e1a                  ___mulsi3
 .libm.__PplusBdi
                  0x002e26         0x26 /opt/microchip/xc16/v1.33/bin/bin/../../lib/libm-elf.a(divmoddi3.eo)
 .libm.__PminusBdi
                  0x002e4c         0x26 /opt/microchip/xc16/v1.33/bin/bin/../../lib/libm-elf.a(divmoddi3.eo)
 .libm.__udivmoddi3
                  0x002e72         0xe6 /opt/microchip/xc16/v1.33/bin/bin/../../lib/libm-elf.a(divmoddi3.eo)
                  0x002e72                  ___udivmoddi3
 .libm.__udivdi3
                  0x002f58          0xe /opt/microchip/xc16/v1.33/bin/bin/../../lib/libm-elf.a(divmoddi3.eo)
                  0x002f58                  ___udivdi3
 .libm.__umoddi3
                  0x002f66          0x8 /opt/microchip/xc16/v1.33/bin/bin/../../lib/libm-elf.a(divmoddi3.eo)
                  0x002f66                  ___umoddi3
 .libm.__divdi3
                  0x002f6e         0x60 /opt/microchip/xc16/v1.33/bin/bin/../../lib/libm-elf.a(divmoddi3.eo)
                  0x002f6e                  ___divdi3
 .libm.__moddi3
                  0x002fce         0x5c /opt/microchip/xc16/v1.33/bin/bin/../../lib/libm-elf.a(divmoddi3.eo)
                  0x002fce                  ___moddi3
 .libm.__muldi3
                  0x00302a         0x52 /opt/microchip/xc16/v1.33/bin/bin/../../lib/libm-elf.a(muldi3.eo)
                  0x00302a                  ___muldi3
 .libm.adddf3     0x00307c         0xfc /opt/microchip/xc16/v1.33/bin/bin/../../lib/libm-elf.a(adddf3.eo)
                  0x00307c                  ___adddf3
 .libm.dcompare
                  0x003178         0x52 /opt/microchip/xc16/v1.33/bin/bin/../../lib/libm-elf.a(dcompare.eo)
                  0x003178                  __dcompare
 .libm.dPropagateNaN
                  0x0031ca         0x1c /opt/microchip/xc16/v1.33/bin/bin/../../lib/libm-elf.a(dpropagateNaN.eo)
                  0x0031ca                  __dPropagateNaN
 .libm.dtype      0x0031e6         0x24 /opt/microchip/xc16/v1.33/bin/bin/../../lib/libm-elf.a(dtype.eo)
                  0x0031e6                  __dtype
 .libm.dunpack    0x00320a         0x4e /opt/microchip/xc16/v1.33/bin/bin/../../lib/libm-elf.a(dunpack.eo)
                  0x00320a                  __dunpack
 .libm.floatdidf
                  0x003258         0x20 /opt/microchip/xc16/v1.33/bin/bin/../../lib/libm-elf.a(floatdidf.eo)
                  0x003258                  ___floatdidf
 .libm.floatundidf
                  0x003278         0x56 /opt/microchip/xc16/v1.33/bin/bin/../../lib/libm-elf.a(floatundidf.eo)
                  0x003278                  ___floatundidf
 .libm.umuldi3    0x0032ce         0x44 /opt/microchip/xc16/v1.33/bin/bin/../../lib/libm-elf.a(umuldi3.eo)
                  0x0032ce                  ___umuldi3

usercode
 *(usercode)

__FUID0
 *(__FUID0.sec*)

__FUID1
 *(__FUID1.sec*)

__FUID2
 *(__FUID2.sec*)

__FUID3
 *(__FUID3.sec*)

__FOSC            0xf80000          0x2
 *(__FOSC.sec*)
 __FOSC.sec       0xf80000          0x2 build/default/production/_ext/1259340286/e_init_port.o

__FWDT            0xf80002          0x2
 *(__FWDT.sec*)
 __FWDT.sec       0xf80002          0x2 build/default/production/_ext/1259340286/e_init_port.o

__FBORPOR         0xf80004          0x2
 *(__FBORPOR.sec*)
 __FBORPOR.sec    0xf80004          0x2 build/default/production/_ext/1259340286/e_init_port.o

__FBS
 *(__FBS.sec*)

__FSS
 *(__FSS.sec*)

__FGS             0xf8000a          0x2
 *(__FGS.sec*)
 __FGS.sec        0xf8000a          0x2 FGS
                  0xf8000a                  __FGS.sec

__FICD
 *(__FICD.sec*)

user_eedata
 *(user_eedata)

userdata
 *(userdata)

.comment
 *(.comment)

.debug_info       0x000000       0xe962
 *(.debug_info)
 .debug_info      0x000000        0x986 build/default/production/_ext/1472/Asercom.o
 .debug_info      0x000986         0xca build/default/production/_ext/1472/DataEEPROM.o
 .debug_info      0x000a50        0x5f7 build/default/production/_ext/1472/main_c.o
 .debug_info      0x001047        0x3a6 build/default/production/_ext/1472/runaccelerometer.o
 .debug_info      0x0013ed        0x406 build/default/production/_ext/1472/runbreitenberg_adv.o
 .debug_info      0x0017f3        0x18e build/default/production/_ext/1472/rungrounddirection.o
 .debug_info      0x001981        0x482 build/default/production/_ext/1472/runshow.o
 .debug_info      0x001e03        0x50d build/default/production/_ext/1472/runwallfollow.o
 .debug_info      0x002310        0x209 build/default/production/_ext/1472/translatorI2C.o
 .debug_info      0x002519        0x6bf build/default/production/_ext/1949949662/e_led.o
 .debug_info      0x002bd8        0x5bf build/default/production/_ext/1949949662/e_motors.o
 .debug_info      0x003197       0x14f0 build/default/production/_ext/1362274096/e_ad_conv.o
 .debug_info      0x004687        0x42a build/default/production/_ext/904308887/utility.o
 .debug_info      0x004ab1        0xcd0 build/default/production/_ext/417766185/e_I2C_master_module.o
 .debug_info      0x005781        0x6d9 build/default/production/_ext/930121020/e_common.o
 .debug_info      0x005e5a        0x77f build/default/production/_ext/1362274096/e_acc.o
 .debug_info      0x0065d9         0xe2 build/default/production/_ext/64492303/e_uart1_tx_char.o
 .debug_info      0x0066bb         0xe2 build/default/production/_ext/64492303/e_uart2_tx_char.o
 .debug_info      0x00679d         0xe2 build/default/production/_ext/64492303/e_uart2_rx_char.o
 .debug_info      0x00687f         0xe2 build/default/production/_ext/64492303/e_uart1_rx_char.o
 .debug_info      0x006961        0x919 build/default/production/_ext/1949949662/e_remote_control.o
 .debug_info      0x00727a        0xdbf build/default/production/_ext/1259340286/e_init_port.o
 .debug_info      0x008039        0x92b build/default/production/_ext/1949949662/e_agenda.o
 .debug_info      0x008964        0x2a8 build/default/production/_ext/417766185/e_I2C_protocol.o
 .debug_info      0x008c0c        0x2f1 build/default/production/_ext/1362274096/e_prox.o
 .debug_info      0x008efd        0x30d build/default/production/_ext/2015481517/e_sound.o
 .debug_info      0x00920a        0x6af build/default/production/_ext/930121020/e_po6030k_registers.o
 .debug_info      0x0098b9        0xe98 build/default/production/_ext/930121020/e_po3030k_registers.o
 .debug_info      0x00a751        0x7a4 build/default/production/_ext/930121020/e_po8030d_registers.o
 .debug_info      0x00aef5         0xe5 build/default/production/_ext/2015481517/e_sub_dci_kickoff.o
 .debug_info      0x00afda         0xe5 build/default/production/_ext/2015481517/e_init_dci_master.o
 .debug_info      0x00b0bf         0xe6 build/default/production/_ext/2015481517/e_init_codec_slave.o
 .debug_info      0x00b1a5        0x346 build/default/production/_ext/1362274096/e_micro.o
 .debug_info      0x00b4eb        0xf96 build/default/production/_ext/663421589/e_bluetooth.o
 .debug_info      0x00c481        0x30f build/default/production/_ext/930121020/e_calc_po3030k.o
 .debug_info      0x00c790        0x325 build/default/production/_ext/930121020/e_calc_po6030k.o
 .debug_info      0x00cab5        0x3e0 build/default/production/_ext/930121020/e_calc_po8030d.o
 .debug_info      0x00ce95        0x9b0 build/default/production/_ext/930121020/e_timers.o
 .debug_info      0x00d845         0xdf build/default/production/_ext/64492303/e_init_uart1.o
 .debug_info      0x00d924         0xdf build/default/production/_ext/64492303/e_init_uart2.o
 .debug_info      0x00da03         0xdd build/default/production/_ext/2015481517/e_isr_dci.o
 .debug_info      0x00dae0         0xed build/default/production/_ext/930121020/e_interrupt.o
 .debug_info      0x00dbcd        0x6a8 build/default/production/_ext/851769008/e_lsm330.o
 .debug_info      0x00e275        0x2d2 build/default/production/_ext/1472/rungyroscope.o
 .debug_info      0x00e547        0x211 build/default/production/_ext/1472/runsquare.o
 .debug_info      0x00e758        0x20a build/default/production/_ext/1472/rundetectsound.o
 *(.gnu.linkonce.wi.*)

.debug_abbrev     0x000000       0x1fe8
 *(.debug_abbrev)
 .debug_abbrev    0x000000        0x150 build/default/production/_ext/1472/Asercom.o
 .debug_abbrev    0x000150         0x14 build/default/production/_ext/1472/DataEEPROM.o
 .debug_abbrev    0x000164        0x156 build/default/production/_ext/1472/main_c.o
 .debug_abbrev    0x0002ba         0x88 build/default/production/_ext/1472/runaccelerometer.o
 .debug_abbrev    0x000342         0xe7 build/default/production/_ext/1472/runbreitenberg_adv.o
 .debug_abbrev    0x000429         0x34 build/default/production/_ext/1472/rungrounddirection.o
 .debug_abbrev    0x00045d         0xa3 build/default/production/_ext/1472/runshow.o
 .debug_abbrev    0x000500        0x122 build/default/production/_ext/1472/runwallfollow.o
 .debug_abbrev    0x000622         0x56 build/default/production/_ext/1472/translatorI2C.o
 .debug_abbrev    0x000678        0x109 build/default/production/_ext/1949949662/e_led.o
 .debug_abbrev    0x000781         0xe3 build/default/production/_ext/1949949662/e_motors.o
 .debug_abbrev    0x000864        0x14e build/default/production/_ext/1362274096/e_ad_conv.o
 .debug_abbrev    0x0009b2        0x127 build/default/production/_ext/904308887/utility.o
 .debug_abbrev    0x000ad9        0x1ad build/default/production/_ext/417766185/e_I2C_master_module.o
 .debug_abbrev    0x000c86        0x13d build/default/production/_ext/930121020/e_common.o
 .debug_abbrev    0x000dc3        0x185 build/default/production/_ext/1362274096/e_acc.o
 .debug_abbrev    0x000f48         0x14 build/default/production/_ext/64492303/e_uart1_tx_char.o
 .debug_abbrev    0x000f5c         0x14 build/default/production/_ext/64492303/e_uart2_tx_char.o
 .debug_abbrev    0x000f70         0x14 build/default/production/_ext/64492303/e_uart2_rx_char.o
 .debug_abbrev    0x000f84         0x14 build/default/production/_ext/64492303/e_uart1_rx_char.o
 .debug_abbrev    0x000f98         0xdb build/default/production/_ext/1949949662/e_remote_control.o
 .debug_abbrev    0x001073         0xf8 build/default/production/_ext/1259340286/e_init_port.o
 .debug_abbrev    0x00116b        0x16e build/default/production/_ext/1949949662/e_agenda.o
 .debug_abbrev    0x0012d9         0x91 build/default/production/_ext/417766185/e_I2C_protocol.o
 .debug_abbrev    0x00136a         0x8e build/default/production/_ext/1362274096/e_prox.o
 .debug_abbrev    0x0013f8         0xbf build/default/production/_ext/2015481517/e_sound.o
 .debug_abbrev    0x0014b7         0xea build/default/production/_ext/930121020/e_po6030k_registers.o
 .debug_abbrev    0x0015a1        0x120 build/default/production/_ext/930121020/e_po3030k_registers.o
 .debug_abbrev    0x0016c1        0x101 build/default/production/_ext/930121020/e_po8030d_registers.o
 .debug_abbrev    0x0017c2         0x14 build/default/production/_ext/2015481517/e_sub_dci_kickoff.o
 .debug_abbrev    0x0017d6         0x14 build/default/production/_ext/2015481517/e_init_dci_master.o
 .debug_abbrev    0x0017ea         0x14 build/default/production/_ext/2015481517/e_init_codec_slave.o
 .debug_abbrev    0x0017fe         0xa8 build/default/production/_ext/1362274096/e_micro.o
 .debug_abbrev    0x0018a6        0x1bb build/default/production/_ext/663421589/e_bluetooth.o
 .debug_abbrev    0x001a61         0x7c build/default/production/_ext/930121020/e_calc_po3030k.o
 .debug_abbrev    0x001add         0x7c build/default/production/_ext/930121020/e_calc_po6030k.o
 .debug_abbrev    0x001b59         0x8b build/default/production/_ext/930121020/e_calc_po8030d.o
 .debug_abbrev    0x001be4        0x183 build/default/production/_ext/930121020/e_timers.o
 .debug_abbrev    0x001d67         0x14 build/default/production/_ext/64492303/e_init_uart1.o
 .debug_abbrev    0x001d7b         0x14 build/default/production/_ext/64492303/e_init_uart2.o
 .debug_abbrev    0x001d8f         0x14 build/default/production/_ext/2015481517/e_isr_dci.o
 .debug_abbrev    0x001da3         0x14 build/default/production/_ext/930121020/e_interrupt.o
 .debug_abbrev    0x001db7        0x115 build/default/production/_ext/851769008/e_lsm330.o
 .debug_abbrev    0x001ecc         0x9a build/default/production/_ext/1472/rungyroscope.o
 .debug_abbrev    0x001f66         0x41 build/default/production/_ext/1472/runsquare.o
 .debug_abbrev    0x001fa7         0x41 build/default/production/_ext/1472/rundetectsound.o

.debug_line       0x000000       0x2e13
 *(.debug_line)
 .debug_line      0x000000        0x3ec build/default/production/_ext/1472/Asercom.o
 .debug_line      0x0003ec         0x92 build/default/production/_ext/1472/DataEEPROM.o
 .debug_line      0x00047e        0x189 build/default/production/_ext/1472/main_c.o
 .debug_line      0x000607         0xa9 build/default/production/_ext/1472/runaccelerometer.o
 .debug_line      0x0006b0         0x9e build/default/production/_ext/1472/runbreitenberg_adv.o
 .debug_line      0x00074e         0x49 build/default/production/_ext/1472/rungrounddirection.o
 .debug_line      0x000797         0xf9 build/default/production/_ext/1472/runshow.o
 .debug_line      0x000890        0x128 build/default/production/_ext/1472/runwallfollow.o
 .debug_line      0x0009b8         0x57 build/default/production/_ext/1472/translatorI2C.o
 .debug_line      0x000a0f        0x1c8 build/default/production/_ext/1949949662/e_led.o
 .debug_line      0x000bd7        0x184 build/default/production/_ext/1949949662/e_motors.o
 .debug_line      0x000d5b        0x1f9 build/default/production/_ext/1362274096/e_ad_conv.o
 .debug_line      0x000f54         0xfc build/default/production/_ext/904308887/utility.o
 .debug_line      0x001050        0x182 build/default/production/_ext/417766185/e_I2C_master_module.o
 .debug_line      0x0011d2        0x14f build/default/production/_ext/930121020/e_common.o
 .debug_line      0x001321        0x19d build/default/production/_ext/1362274096/e_acc.o
 .debug_line      0x0014be         0x85 build/default/production/_ext/64492303/e_uart1_tx_char.o
 .debug_line      0x001543         0x85 build/default/production/_ext/64492303/e_uart2_tx_char.o
 .debug_line      0x0015c8         0x76 build/default/production/_ext/64492303/e_uart2_rx_char.o
 .debug_line      0x00163e         0x76 build/default/production/_ext/64492303/e_uart1_rx_char.o
 .debug_line      0x0016b4        0x145 build/default/production/_ext/1949949662/e_remote_control.o
 .debug_line      0x0017f9        0x137 build/default/production/_ext/1259340286/e_init_port.o
 .debug_line      0x001930        0x195 build/default/production/_ext/1949949662/e_agenda.o
 .debug_line      0x001ac5         0x88 build/default/production/_ext/417766185/e_I2C_protocol.o
 .debug_line      0x001b4d         0x8b build/default/production/_ext/1362274096/e_prox.o
 .debug_line      0x001bd8         0xe7 build/default/production/_ext/2015481517/e_sound.o
 .debug_line      0x001cbf        0x101 build/default/production/_ext/930121020/e_po6030k_registers.o
 .debug_line      0x001dc0        0x1c7 build/default/production/_ext/930121020/e_po3030k_registers.o
 .debug_line      0x001f87        0x114 build/default/production/_ext/930121020/e_po8030d_registers.o
 .debug_line      0x00209b         0x8d build/default/production/_ext/2015481517/e_sub_dci_kickoff.o
 .debug_line      0x002128         0x75 build/default/production/_ext/2015481517/e_init_dci_master.o
 .debug_line      0x00219d         0xb1 build/default/production/_ext/2015481517/e_init_codec_slave.o
 .debug_line      0x00224e         0x8b build/default/production/_ext/1362274096/e_micro.o
 .debug_line      0x0022d9        0x2ab build/default/production/_ext/663421589/e_bluetooth.o
 .debug_line      0x002584         0xc2 build/default/production/_ext/930121020/e_calc_po3030k.o
 .debug_line      0x002646         0xc7 build/default/production/_ext/930121020/e_calc_po6030k.o
 .debug_line      0x00270d        0x121 build/default/production/_ext/930121020/e_calc_po8030d.o
 .debug_line      0x00282e        0x12d build/default/production/_ext/930121020/e_timers.o
 .debug_line      0x00295b         0x67 build/default/production/_ext/64492303/e_init_uart1.o
 .debug_line      0x0029c2         0x66 build/default/production/_ext/64492303/e_init_uart2.o
 .debug_line      0x002a28         0x1a build/default/production/_ext/2015481517/e_const_sound.o
 .debug_line      0x002a42         0x85 build/default/production/_ext/2015481517/e_isr_dci.o
 .debug_line      0x002ac7         0x78 build/default/production/_ext/930121020/e_interrupt.o
 .debug_line      0x002b3f         0xdf build/default/production/_ext/851769008/e_lsm330.o
 .debug_line      0x002c1e        0x108 build/default/production/_ext/1472/rungyroscope.o
 .debug_line      0x002d26         0x82 build/default/production/_ext/1472/runsquare.o
 .debug_line      0x002da8         0x6b build/default/production/_ext/1472/rundetectsound.o

.debug_frame      0x000000       0x23bc
 *(.debug_frame)
 .debug_frame     0x000000        0x184 build/default/production/_ext/1472/Asercom.o
 .debug_frame     0x000184        0x128 build/default/production/_ext/1472/main_c.o
 .debug_frame     0x0002ac         0xa4 build/default/production/_ext/1472/runaccelerometer.o
 .debug_frame     0x000350         0xd4 build/default/production/_ext/1472/runbreitenberg_adv.o
 .debug_frame     0x000424         0x30 build/default/production/_ext/1472/rungrounddirection.o
 .debug_frame     0x000454         0xae build/default/production/_ext/1472/runshow.o
 .debug_frame     0x000502         0xbc build/default/production/_ext/1472/runwallfollow.o
 .debug_frame     0x0005be         0x4c build/default/production/_ext/1472/translatorI2C.o
 .debug_frame     0x00060a        0x260 build/default/production/_ext/1949949662/e_led.o
 .debug_frame     0x00086a        0x12c build/default/production/_ext/1949949662/e_motors.o
 .debug_frame     0x000996         0xd2 build/default/production/_ext/1362274096/e_ad_conv.o
 .debug_frame     0x000a68         0xd8 build/default/production/_ext/904308887/utility.o
 .debug_frame     0x000b40        0x1aa build/default/production/_ext/417766185/e_I2C_master_module.o
 .debug_frame     0x000cea        0x12c build/default/production/_ext/930121020/e_common.o
 .debug_frame     0x000e16        0x1b4 build/default/production/_ext/1362274096/e_acc.o
 .debug_frame     0x000fca         0xe4 build/default/production/_ext/1949949662/e_remote_control.o
 .debug_frame     0x0010ae         0x68 build/default/production/_ext/1259340286/e_init_port.o
 .debug_frame     0x001116        0x138 build/default/production/_ext/1949949662/e_agenda.o
 .debug_frame     0x00124e         0xbc build/default/production/_ext/417766185/e_I2C_protocol.o
 .debug_frame     0x00130a         0x8a build/default/production/_ext/1362274096/e_prox.o
 .debug_frame     0x001394         0x68 build/default/production/_ext/2015481517/e_sound.o
 .debug_frame     0x0013fc        0x1d4 build/default/production/_ext/930121020/e_po6030k_registers.o
 .debug_frame     0x0015d0        0x442 build/default/production/_ext/930121020/e_po3030k_registers.o
 .debug_frame     0x001a12        0x244 build/default/production/_ext/930121020/e_po8030d_registers.o
 .debug_frame     0x001c56         0x84 build/default/production/_ext/1362274096/e_micro.o
 .debug_frame     0x001cda        0x22e build/default/production/_ext/663421589/e_bluetooth.o
 .debug_frame     0x001f08         0x4c build/default/production/_ext/930121020/e_calc_po3030k.o
 .debug_frame     0x001f54         0x4c build/default/production/_ext/930121020/e_calc_po6030k.o
 .debug_frame     0x001fa0         0x52 build/default/production/_ext/930121020/e_calc_po8030d.o
 .debug_frame     0x001ff2         0xbc build/default/production/_ext/930121020/e_timers.o
 .debug_frame     0x0020ae        0x20c build/default/production/_ext/851769008/e_lsm330.o
 .debug_frame     0x0022ba         0x96 build/default/production/_ext/1472/rungyroscope.o
 .debug_frame     0x002350         0x36 build/default/production/_ext/1472/runsquare.o
 .debug_frame     0x002386         0x36 build/default/production/_ext/1472/rundetectsound.o

.debug_str        0x000000        0x6c2
 *(.debug_str)
 .debug_str       0x000000         0x50 build/default/production/_ext/1472/Asercom.o
 .debug_str       0x000050         0x31 build/default/production/_ext/1472/main_c.o
 .debug_str       0x000081         0x25 build/default/production/_ext/1472/runaccelerometer.o
 .debug_str       0x0000a6         0x35 build/default/production/_ext/1472/runbreitenberg_adv.o
 .debug_str       0x0000db         0x30 build/default/production/_ext/1472/runshow.o
 .debug_str       0x00010b         0x41 build/default/production/_ext/1472/runwallfollow.o
 .debug_str       0x00014c         0x19 build/default/production/_ext/1949949662/e_led.o
 .debug_str       0x000165         0x1f build/default/production/_ext/1949949662/e_motors.o
 .debug_str       0x000184        0x102 build/default/production/_ext/1362274096/e_ad_conv.o
 .debug_str       0x000286         0x33 build/default/production/_ext/904308887/utility.o
 .debug_str       0x0002b9         0x3d build/default/production/_ext/417766185/e_I2C_master_module.o
 .debug_str       0x0002f6         0x15 build/default/production/_ext/930121020/e_common.o
 .debug_str       0x00030b         0xa0 build/default/production/_ext/1362274096/e_acc.o
 .debug_str       0x0003ab         0x32 build/default/production/_ext/1949949662/e_remote_control.o
 .debug_str       0x0003dd         0x6d build/default/production/_ext/1259340286/e_init_port.o
 .debug_str       0x00044a         0x29 build/default/production/_ext/1949949662/e_agenda.o
 .debug_str       0x000473          0xb build/default/production/_ext/417766185/e_I2C_protocol.o
 .debug_str       0x00047e         0x36 build/default/production/_ext/1362274096/e_prox.o
 .debug_str       0x0004b4          0x9 build/default/production/_ext/2015481517/e_sound.o
 .debug_str       0x0004bd         0x1e build/default/production/_ext/930121020/e_po6030k_registers.o
 .debug_str       0x0004db         0x24 build/default/production/_ext/930121020/e_po3030k_registers.o
 .debug_str       0x0004ff         0x1e build/default/production/_ext/930121020/e_po8030d_registers.o
 .debug_str       0x00051d         0x27 build/default/production/_ext/1362274096/e_micro.o
 .debug_str       0x000544         0x95 build/default/production/_ext/663421589/e_bluetooth.o
 .debug_str       0x0005d9          0xb build/default/production/_ext/930121020/e_calc_po3030k.o
 .debug_str       0x0005e4          0xb build/default/production/_ext/930121020/e_calc_po6030k.o
 .debug_str       0x0005ef          0xb build/default/production/_ext/930121020/e_calc_po8030d.o
 .debug_str       0x0005fa         0x79 build/default/production/_ext/930121020/e_timers.o
 .debug_str       0x000673         0x24 build/default/production/_ext/851769008/e_lsm330.o
 .debug_str       0x000697         0x2b build/default/production/_ext/1472/rungyroscope.o

.debug_loc
 *(.debug_loc)

.debug_macinfo
 *(.debug_macinfo)

.debug_pubnames
                  0x000000       0x1c56
 *(.debug_pubnames)
 .debug_pubnames
                  0x000000         0x22 build/default/production/_ext/1472/Asercom.o
 .debug_pubnames
                  0x000022         0x49 build/default/production/_ext/1472/main_c.o
 .debug_pubnames
                  0x00006b         0x58 build/default/production/_ext/1472/runaccelerometer.o
 .debug_pubnames
                  0x0000c3         0xff build/default/production/_ext/1472/runbreitenberg_adv.o
 .debug_pubnames
                  0x0001c2         0x2a build/default/production/_ext/1472/rungrounddirection.o
 .debug_pubnames
                  0x0001ec         0x4b build/default/production/_ext/1472/runshow.o
 .debug_pubnames
                  0x000237         0xcc build/default/production/_ext/1472/runwallfollow.o
 .debug_pubnames
                  0x000303         0x40 build/default/production/_ext/1472/translatorI2C.o
 .debug_pubnames
                  0x000343        0x17d build/default/production/_ext/1949949662/e_led.o
 .debug_pubnames
                  0x0004c0         0xdc build/default/production/_ext/1949949662/e_motors.o
 .debug_pubnames
                  0x00059c        0x145 build/default/production/_ext/1362274096/e_ad_conv.o
 .debug_pubnames
                  0x0006e1         0x9a build/default/production/_ext/904308887/utility.o
 .debug_pubnames
                  0x00077b        0x112 build/default/production/_ext/417766185/e_I2C_master_module.o
 .debug_pubnames
                  0x00088d         0xf7 build/default/production/_ext/930121020/e_common.o
 .debug_pubnames
                  0x000984        0x172 build/default/production/_ext/1362274096/e_acc.o
 .debug_pubnames
                  0x000af6         0x8a build/default/production/_ext/1949949662/e_remote_control.o
 .debug_pubnames
                  0x000b80         0x8c build/default/production/_ext/1259340286/e_init_port.o
 .debug_pubnames
                  0x000c0c         0xdc build/default/production/_ext/1949949662/e_agenda.o
 .debug_pubnames
                  0x000ce8         0x7a build/default/production/_ext/417766185/e_I2C_protocol.o
 .debug_pubnames
                  0x000d62         0x66 build/default/production/_ext/1362274096/e_prox.o
 .debug_pubnames
                  0x000dc8         0x46 build/default/production/_ext/2015481517/e_sound.o
 .debug_pubnames
                  0x000e0e        0x17a build/default/production/_ext/930121020/e_po6030k_registers.o
 .debug_pubnames
                  0x000f88        0x42b build/default/production/_ext/930121020/e_po3030k_registers.o
 .debug_pubnames
                  0x0013b3        0x1c9 build/default/production/_ext/930121020/e_po8030d_registers.o
 .debug_pubnames
                  0x00157c         0x6d build/default/production/_ext/1362274096/e_micro.o
 .debug_pubnames
                  0x0015e9        0x25b build/default/production/_ext/663421589/e_bluetooth.o
 .debug_pubnames
                  0x001844         0x4d build/default/production/_ext/930121020/e_calc_po3030k.o
 .debug_pubnames
                  0x001891         0x4d build/default/production/_ext/930121020/e_calc_po6030k.o
 .debug_pubnames
                  0x0018de         0x4d build/default/production/_ext/930121020/e_calc_po8030d.o
 .debug_pubnames
                  0x00192b         0xe0 build/default/production/_ext/930121020/e_timers.o
 .debug_pubnames
                  0x001a0b        0x177 build/default/production/_ext/851769008/e_lsm330.o
 .debug_pubnames
                  0x001b82         0x8d build/default/production/_ext/1472/rungyroscope.o
 .debug_pubnames
                  0x001c0f         0x21 build/default/production/_ext/1472/runsquare.o
 .debug_pubnames
                  0x001c30         0x26 build/default/production/_ext/1472/rundetectsound.o

.debug_ranges
 *(.debug_ranges)

.debug_aranges    0x000000        0x450
 *(.debug_aranges)
 .debug_aranges
                  0x000000         0x18 build/default/production/_ext/1472/Asercom.o
 .debug_aranges
                  0x000018         0x18 build/default/production/_ext/1472/DataEEPROM.o
 .debug_aranges
                  0x000030         0x18 build/default/production/_ext/1472/main_c.o
 .debug_aranges
                  0x000048         0x18 build/default/production/_ext/1472/runaccelerometer.o
 .debug_aranges
                  0x000060         0x18 build/default/production/_ext/1472/runbreitenberg_adv.o
 .debug_aranges
                  0x000078         0x18 build/default/production/_ext/1472/rungrounddirection.o
 .debug_aranges
                  0x000090         0x18 build/default/production/_ext/1472/runshow.o
 .debug_aranges
                  0x0000a8         0x18 build/default/production/_ext/1472/runwallfollow.o
 .debug_aranges
                  0x0000c0         0x18 build/default/production/_ext/1472/translatorI2C.o
 .debug_aranges
                  0x0000d8         0x18 build/default/production/_ext/1949949662/e_led.o
 .debug_aranges
                  0x0000f0         0x18 build/default/production/_ext/1949949662/e_motors.o
 .debug_aranges
                  0x000108         0x18 build/default/production/_ext/1362274096/e_ad_conv.o
 .debug_aranges
                  0x000120         0x18 build/default/production/_ext/904308887/utility.o
 .debug_aranges
                  0x000138         0x18 build/default/production/_ext/417766185/e_I2C_master_module.o
 .debug_aranges
                  0x000150         0x18 build/default/production/_ext/930121020/e_common.o
 .debug_aranges
                  0x000168         0x18 build/default/production/_ext/1362274096/e_acc.o
 .debug_aranges
                  0x000180         0x18 build/default/production/_ext/64492303/e_uart1_tx_char.o
 .debug_aranges
                  0x000198         0x18 build/default/production/_ext/64492303/e_uart2_tx_char.o
 .debug_aranges
                  0x0001b0         0x18 build/default/production/_ext/64492303/e_uart2_rx_char.o
 .debug_aranges
                  0x0001c8         0x18 build/default/production/_ext/64492303/e_uart1_rx_char.o
 .debug_aranges
                  0x0001e0         0x18 build/default/production/_ext/1949949662/e_remote_control.o
 .debug_aranges
                  0x0001f8         0x18 build/default/production/_ext/1259340286/e_init_port.o
 .debug_aranges
                  0x000210         0x18 build/default/production/_ext/1949949662/e_agenda.o
 .debug_aranges
                  0x000228         0x18 build/default/production/_ext/417766185/e_I2C_protocol.o
 .debug_aranges
                  0x000240         0x18 build/default/production/_ext/1362274096/e_prox.o
 .debug_aranges
                  0x000258         0x18 build/default/production/_ext/2015481517/e_sound.o
 .debug_aranges
                  0x000270         0x18 build/default/production/_ext/930121020/e_po6030k_registers.o
 .debug_aranges
                  0x000288         0x18 build/default/production/_ext/930121020/e_po3030k_registers.o
 .debug_aranges
                  0x0002a0         0x18 build/default/production/_ext/930121020/e_po8030d_registers.o
 .debug_aranges
                  0x0002b8         0x18 build/default/production/_ext/2015481517/e_sub_dci_kickoff.o
 .debug_aranges
                  0x0002d0         0x18 build/default/production/_ext/2015481517/e_init_dci_master.o
 .debug_aranges
                  0x0002e8         0x18 build/default/production/_ext/2015481517/e_init_codec_slave.o
 .debug_aranges
                  0x000300         0x18 build/default/production/_ext/1362274096/e_micro.o
 .debug_aranges
                  0x000318         0x18 build/default/production/_ext/663421589/e_bluetooth.o
 .debug_aranges
                  0x000330         0x18 build/default/production/_ext/930121020/e_calc_po3030k.o
 .debug_aranges
                  0x000348         0x18 build/default/production/_ext/930121020/e_calc_po6030k.o
 .debug_aranges
                  0x000360         0x18 build/default/production/_ext/930121020/e_calc_po8030d.o
 .debug_aranges
                  0x000378         0x18 build/default/production/_ext/930121020/e_timers.o
 .debug_aranges
                  0x000390         0x18 build/default/production/_ext/64492303/e_init_uart1.o
 .debug_aranges
                  0x0003a8         0x18 build/default/production/_ext/64492303/e_init_uart2.o
 .debug_aranges
                  0x0003c0         0x18 build/default/production/_ext/2015481517/e_isr_dci.o
 .debug_aranges
                  0x0003d8         0x18 build/default/production/_ext/930121020/e_interrupt.o
 .debug_aranges
                  0x0003f0         0x18 build/default/production/_ext/851769008/e_lsm330.o
 .debug_aranges
                  0x000408         0x18 build/default/production/_ext/1472/rungyroscope.o
 .debug_aranges
                  0x000420         0x18 build/default/production/_ext/1472/runsquare.o
 .debug_aranges
                  0x000438         0x18 build/default/production/_ext/1472/rundetectsound.o
                    0x0000                  WREG0 = 0x0
                    0x0000                  _WREG0 = 0x0
                    0x0002                  WREG1 = 0x2
                    0x0002                  _WREG1 = 0x2
                    0x0004                  WREG2 = 0x4
                    0x0004                  _WREG2 = 0x4
                    0x0006                  WREG3 = 0x6
                    0x0006                  _WREG3 = 0x6
                    0x0008                  WREG4 = 0x8
                    0x0008                  _WREG4 = 0x8
                    0x000a                  WREG5 = 0xa
                    0x000a                  _WREG5 = 0xa
                    0x000c                  WREG6 = 0xc
                    0x000c                  _WREG6 = 0xc
                    0x000e                  WREG7 = 0xe
                    0x000e                  _WREG7 = 0xe
                    0x0010                  WREG8 = 0x10
                    0x0010                  _WREG8 = 0x10
                    0x0012                  WREG9 = 0x12
                    0x0012                  _WREG9 = 0x12
                    0x0014                  WREG10 = 0x14
                    0x0014                  _WREG10 = 0x14
                    0x0016                  WREG11 = 0x16
                    0x0016                  _WREG11 = 0x16
                    0x0018                  WREG12 = 0x18
                    0x0018                  _WREG12 = 0x18
                    0x001a                  WREG13 = 0x1a
                    0x001a                  _WREG13 = 0x1a
                    0x001c                  WREG14 = 0x1c
                    0x001c                  _WREG14 = 0x1c
                    0x001e                  WREG15 = 0x1e
                    0x001e                  _WREG15 = 0x1e
                    0x0020                  SPLIM = 0x20
                    0x0020                  _SPLIM = 0x20
                    0x0022                  ACCAL = 0x22
                    0x0022                  _ACCAL = 0x22
                    0x0024                  ACCAH = 0x24
                    0x0024                  _ACCAH = 0x24
                    0x0026                  ACCAU = 0x26
                    0x0026                  _ACCAU = 0x26
                    0x0028                  ACCBL = 0x28
                    0x0028                  _ACCBL = 0x28
                    0x002a                  ACCBH = 0x2a
                    0x002a                  _ACCBH = 0x2a
                    0x002c                  ACCBU = 0x2c
                    0x002c                  _ACCBU = 0x2c
                    0x002e                  PCL = 0x2e
                    0x002e                  _PCL = 0x2e
                    0x0030                  PCH = 0x30
                    0x0030                  _PCH = 0x30
                    0x0032                  TBLPAG = 0x32
                    0x0032                  _TBLPAG = 0x32
                    0x0034                  PSVPAG = 0x34
                    0x0034                  _PSVPAG = 0x34
                    0x0036                  RCOUNT = 0x36
                    0x0036                  _RCOUNT = 0x36
                    0x0038                  DCOUNT = 0x38
                    0x0038                  _DCOUNT = 0x38
                    0x003a                  DOSTARTL = 0x3a
                    0x003a                  _DOSTARTL = 0x3a
                    0x003c                  DOSTARTH = 0x3c
                    0x003c                  _DOSTARTH = 0x3c
                    0x003e                  DOENDL = 0x3e
                    0x003e                  _DOENDL = 0x3e
                    0x0040                  DOENDH = 0x40
                    0x0040                  _DOENDH = 0x40
                    0x0042                  SR = 0x42
                    0x0042                  _SR = 0x42
                    0x0042                  _SRbits = 0x42
                    0x0044                  CORCON = 0x44
                    0x0044                  _CORCON = 0x44
                    0x0044                  _CORCONbits = 0x44
                    0x0046                  MODCON = 0x46
                    0x0046                  _MODCON = 0x46
                    0x0046                  _MODCONbits = 0x46
                    0x0048                  XMODSRT = 0x48
                    0x0048                  _XMODSRT = 0x48
                    0x004a                  XMODEND = 0x4a
                    0x004a                  _XMODEND = 0x4a
                    0x004c                  YMODSRT = 0x4c
                    0x004c                  _YMODSRT = 0x4c
                    0x004e                  YMODEND = 0x4e
                    0x004e                  _YMODEND = 0x4e
                    0x0050                  XBREV = 0x50
                    0x0050                  _XBREV = 0x50
                    0x0050                  _XBREVbits = 0x50
                    0x0052                  DISICNT = 0x52
                    0x0052                  _DISICNT = 0x52
                    0x0052                  _DISICNTbits = 0x52
                    0x0080                  INTCON1 = 0x80
                    0x0080                  _INTCON1 = 0x80
                    0x0080                  _INTCON1bits = 0x80
                    0x0082                  INTCON2 = 0x82
                    0x0082                  _INTCON2 = 0x82
                    0x0082                  _INTCON2bits = 0x82
                    0x0084                  IFS0 = 0x84
                    0x0084                  _IFS0 = 0x84
                    0x0084                  _IFS0bits = 0x84
                    0x0086                  IFS1 = 0x86
                    0x0086                  _IFS1 = 0x86
                    0x0086                  _IFS1bits = 0x86
                    0x0088                  IFS2 = 0x88
                    0x0088                  _IFS2 = 0x88
                    0x0088                  _IFS2bits = 0x88
                    0x008c                  IEC0 = 0x8c
                    0x008c                  _IEC0 = 0x8c
                    0x008c                  _IEC0bits = 0x8c
                    0x008e                  IEC1 = 0x8e
                    0x008e                  _IEC1 = 0x8e
                    0x008e                  _IEC1bits = 0x8e
                    0x0090                  IEC2 = 0x90
                    0x0090                  _IEC2 = 0x90
                    0x0090                  _IEC2bits = 0x90
                    0x0094                  IPC0 = 0x94
                    0x0094                  _IPC0 = 0x94
                    0x0094                  _IPC0bits = 0x94
                    0x0096                  IPC1 = 0x96
                    0x0096                  _IPC1 = 0x96
                    0x0096                  _IPC1bits = 0x96
                    0x0098                  IPC2 = 0x98
                    0x0098                  _IPC2 = 0x98
                    0x0098                  _IPC2bits = 0x98
                    0x009a                  IPC3 = 0x9a
                    0x009a                  _IPC3 = 0x9a
                    0x009a                  _IPC3bits = 0x9a
                    0x009c                  IPC4 = 0x9c
                    0x009c                  _IPC4 = 0x9c
                    0x009c                  _IPC4bits = 0x9c
                    0x009e                  IPC5 = 0x9e
                    0x009e                  _IPC5 = 0x9e
                    0x009e                  _IPC5bits = 0x9e
                    0x00a0                  IPC6 = 0xa0
                    0x00a0                  _IPC6 = 0xa0
                    0x00a0                  _IPC6bits = 0xa0
                    0x00a2                  IPC7 = 0xa2
                    0x00a2                  _IPC7 = 0xa2
                    0x00a2                  _IPC7bits = 0xa2
                    0x00a4                  IPC8 = 0xa4
                    0x00a4                  _IPC8 = 0xa4
                    0x00a4                  _IPC8bits = 0xa4
                    0x00a6                  IPC9 = 0xa6
                    0x00a6                  _IPC9 = 0xa6
                    0x00a6                  _IPC9bits = 0xa6
                    0x00a8                  IPC10 = 0xa8
                    0x00a8                  _IPC10 = 0xa8
                    0x00a8                  _IPC10bits = 0xa8
                    0x00b0                  INTTREG = 0xb0
                    0x00b0                  _INTTREG = 0xb0
                    0x00b0                  _INTTREGbits = 0xb0
                    0x00c0                  CNEN1 = 0xc0
                    0x00c0                  _CNEN1 = 0xc0
                    0x00c0                  _CNEN1bits = 0xc0
                    0x00c2                  CNEN2 = 0xc2
                    0x00c2                  _CNEN2 = 0xc2
                    0x00c2                  _CNEN2bits = 0xc2
                    0x00c4                  CNPU1 = 0xc4
                    0x00c4                  _CNPU1 = 0xc4
                    0x00c4                  _CNPU1bits = 0xc4
                    0x00c6                  CNPU2 = 0xc6
                    0x00c6                  _CNPU2 = 0xc6
                    0x00c6                  _CNPU2bits = 0xc6
                    0x0100                  TMR1 = 0x100
                    0x0100                  _TMR1 = 0x100
                    0x0102                  PR1 = 0x102
                    0x0102                  _PR1 = 0x102
                    0x0104                  T1CON = 0x104
                    0x0104                  _T1CON = 0x104
                    0x0104                  _T1CONbits = 0x104
                    0x0106                  TMR2 = 0x106
                    0x0106                  _TMR2 = 0x106
                    0x0108                  TMR3HLD = 0x108
                    0x0108                  _TMR3HLD = 0x108
                    0x010a                  TMR3 = 0x10a
                    0x010a                  _TMR3 = 0x10a
                    0x010c                  PR2 = 0x10c
                    0x010c                  _PR2 = 0x10c
                    0x010e                  PR3 = 0x10e
                    0x010e                  _PR3 = 0x10e
                    0x0110                  T2CON = 0x110
                    0x0110                  _T2CON = 0x110
                    0x0110                  _T2CONbits = 0x110
                    0x0112                  T3CON = 0x112
                    0x0112                  _T3CON = 0x112
                    0x0112                  _T3CONbits = 0x112
                    0x0114                  TMR4 = 0x114
                    0x0114                  _TMR4 = 0x114
                    0x0116                  TMR5HLD = 0x116
                    0x0116                  _TMR5HLD = 0x116
                    0x0118                  TMR5 = 0x118
                    0x0118                  _TMR5 = 0x118
                    0x011a                  PR4 = 0x11a
                    0x011a                  _PR4 = 0x11a
                    0x011c                  PR5 = 0x11c
                    0x011c                  _PR5 = 0x11c
                    0x011e                  T4CON = 0x11e
                    0x011e                  _T4CON = 0x11e
                    0x011e                  _T4CONbits = 0x11e
                    0x0120                  T5CON = 0x120
                    0x0120                  _T5CON = 0x120
                    0x0120                  _T5CONbits = 0x120
                    0x0140                  IC1BUF = 0x140
                    0x0140                  _IC1BUF = 0x140
                    0x0142                  IC1CON = 0x142
                    0x0142                  _IC1CON = 0x142
                    0x0142                  _IC1CONbits = 0x142
                    0x0144                  IC2BUF = 0x144
                    0x0144                  _IC2BUF = 0x144
                    0x0146                  IC2CON = 0x146
                    0x0146                  _IC2CON = 0x146
                    0x0146                  _IC2CONbits = 0x146
                    0x0148                  IC3BUF = 0x148
                    0x0148                  _IC3BUF = 0x148
                    0x014a                  IC3CON = 0x14a
                    0x014a                  _IC3CON = 0x14a
                    0x014a                  _IC3CONbits = 0x14a
                    0x014c                  IC4BUF = 0x14c
                    0x014c                  _IC4BUF = 0x14c
                    0x014e                  IC4CON = 0x14e
                    0x014e                  _IC4CON = 0x14e
                    0x014e                  _IC4CONbits = 0x14e
                    0x0150                  IC5BUF = 0x150
                    0x0150                  _IC5BUF = 0x150
                    0x0152                  IC5CON = 0x152
                    0x0152                  _IC5CON = 0x152
                    0x0152                  _IC5CONbits = 0x152
                    0x0154                  IC6BUF = 0x154
                    0x0154                  _IC6BUF = 0x154
                    0x0156                  IC6CON = 0x156
                    0x0156                  _IC6CON = 0x156
                    0x0156                  _IC6CONbits = 0x156
                    0x0158                  IC7BUF = 0x158
                    0x0158                  _IC7BUF = 0x158
                    0x015a                  IC7CON = 0x15a
                    0x015a                  _IC7CON = 0x15a
                    0x015a                  _IC7CONbits = 0x15a
                    0x015c                  IC8BUF = 0x15c
                    0x015c                  _IC8BUF = 0x15c
                    0x015e                  IC8CON = 0x15e
                    0x015e                  _IC8CON = 0x15e
                    0x015e                  _IC8CONbits = 0x15e
                    0x0180                  OC1RS = 0x180
                    0x0180                  _OC1RS = 0x180
                    0x0182                  OC1R = 0x182
                    0x0182                  _OC1R = 0x182
                    0x0184                  OC1CON = 0x184
                    0x0184                  _OC1CON = 0x184
                    0x0184                  _OC1CONbits = 0x184
                    0x0186                  OC2RS = 0x186
                    0x0186                  _OC2RS = 0x186
                    0x0188                  OC2R = 0x188
                    0x0188                  _OC2R = 0x188
                    0x018a                  OC2CON = 0x18a
                    0x018a                  _OC2CON = 0x18a
                    0x018a                  _OC2CONbits = 0x18a
                    0x018c                  OC3RS = 0x18c
                    0x018c                  _OC3RS = 0x18c
                    0x018e                  OC3R = 0x18e
                    0x018e                  _OC3R = 0x18e
                    0x0190                  OC3CON = 0x190
                    0x0190                  _OC3CON = 0x190
                    0x0190                  _OC3CONbits = 0x190
                    0x0192                  OC4RS = 0x192
                    0x0192                  _OC4RS = 0x192
                    0x0194                  OC4R = 0x194
                    0x0194                  _OC4R = 0x194
                    0x0196                  OC4CON = 0x196
                    0x0196                  _OC4CON = 0x196
                    0x0196                  _OC4CONbits = 0x196
                    0x0198                  OC5RS = 0x198
                    0x0198                  _OC5RS = 0x198
                    0x019a                  OC5R = 0x19a
                    0x019a                  _OC5R = 0x19a
                    0x019c                  OC5CON = 0x19c
                    0x019c                  _OC5CON = 0x19c
                    0x019c                  _OC5CONbits = 0x19c
                    0x019e                  OC6RS = 0x19e
                    0x019e                  _OC6RS = 0x19e
                    0x01a0                  OC6R = 0x1a0
                    0x01a0                  _OC6R = 0x1a0
                    0x01a2                  OC6CON = 0x1a2
                    0x01a2                  _OC6CON = 0x1a2
                    0x01a2                  _OC6CONbits = 0x1a2
                    0x01a4                  OC7RS = 0x1a4
                    0x01a4                  _OC7RS = 0x1a4
                    0x01a6                  OC7R = 0x1a6
                    0x01a6                  _OC7R = 0x1a6
                    0x01a8                  OC7CON = 0x1a8
                    0x01a8                  _OC7CON = 0x1a8
                    0x01a8                  _OC7CONbits = 0x1a8
                    0x01aa                  OC8RS = 0x1aa
                    0x01aa                  _OC8RS = 0x1aa
                    0x01ac                  OC8R = 0x1ac
                    0x01ac                  _OC8R = 0x1ac
                    0x01ae                  OC8CON = 0x1ae
                    0x01ae                  _OC8CON = 0x1ae
                    0x01ae                  _OC8CONbits = 0x1ae
                    0x0200                  I2CRCV = 0x200
                    0x0200                  _I2CRCV = 0x200
                    0x0200                  _I2CRCVbits = 0x200
                    0x0202                  I2CTRN = 0x202
                    0x0202                  _I2CTRN = 0x202
                    0x0202                  _I2CTRNbits = 0x202
                    0x0204                  I2CBRG = 0x204
                    0x0204                  _I2CBRG = 0x204
                    0x0204                  _I2CBRGbits = 0x204
                    0x0206                  I2CCON = 0x206
                    0x0206                  _I2CCON = 0x206
                    0x0206                  _I2CCONbits = 0x206
                    0x0208                  I2CSTAT = 0x208
                    0x0208                  _I2CSTAT = 0x208
                    0x0208                  _I2CSTATbits = 0x208
                    0x020a                  I2CADD = 0x20a
                    0x020a                  _I2CADD = 0x20a
                    0x020a                  _I2CADDbits = 0x20a
                    0x020c                  U1MODE = 0x20c
                    0x020c                  _U1MODE = 0x20c
                    0x020c                  _U1MODEbits = 0x20c
                    0x020e                  U1STA = 0x20e
                    0x020e                  _U1STA = 0x20e
                    0x020e                  _U1STAbits = 0x20e
                    0x0210                  U1TXREG = 0x210
                    0x0210                  _U1TXREG = 0x210
                    0x0210                  _U1TXREGbits = 0x210
                    0x0212                  U1RXREG = 0x212
                    0x0212                  _U1RXREG = 0x212
                    0x0212                  _U1RXREGbits = 0x212
                    0x0214                  U1BRG = 0x214
                    0x0214                  _U1BRG = 0x214
                    0x0216                  U2MODE = 0x216
                    0x0216                  _U2MODE = 0x216
                    0x0216                  _U2MODEbits = 0x216
                    0x0218                  U2STA = 0x218
                    0x0218                  _U2STA = 0x218
                    0x0218                  _U2STAbits = 0x218
                    0x021a                  U2TXREG = 0x21a
                    0x021a                  _U2TXREG = 0x21a
                    0x021a                  _U2TXREGbits = 0x21a
                    0x021c                  U2RXREG = 0x21c
                    0x021c                  _U2RXREG = 0x21c
                    0x021c                  _U2RXREGbits = 0x21c
                    0x021e                  U2BRG = 0x21e
                    0x021e                  _U2BRG = 0x21e
                    0x0220                  SPI1STAT = 0x220
                    0x0220                  _SPI1STAT = 0x220
                    0x0220                  _SPI1STATbits = 0x220
                    0x0222                  SPI1CON = 0x222
                    0x0222                  _SPI1CON = 0x222
                    0x0222                  _SPI1CONbits = 0x222
                    0x0224                  SPI1BUF = 0x224
                    0x0224                  _SPI1BUF = 0x224
                    0x0226                  SPI2STAT = 0x226
                    0x0226                  _SPI2STAT = 0x226
                    0x0226                  _SPI2STATbits = 0x226
                    0x0228                  SPI2CON = 0x228
                    0x0228                  _SPI2CON = 0x228
                    0x0228                  _SPI2CONbits = 0x228
                    0x022a                  SPI2BUF = 0x22a
                    0x022a                  _SPI2BUF = 0x22a
                    0x0240                  DCICON1 = 0x240
                    0x0240                  _DCICON1 = 0x240
                    0x0240                  _DCICON1bits = 0x240
                    0x0242                  DCICON2 = 0x242
                    0x0242                  _DCICON2 = 0x242
                    0x0242                  _DCICON2bits = 0x242
                    0x0244                  DCICON3 = 0x244
                    0x0244                  _DCICON3 = 0x244
                    0x0244                  _DCICON3bits = 0x244
                    0x0246                  DCISTAT = 0x246
                    0x0246                  _DCISTAT = 0x246
                    0x0246                  _DCISTATbits = 0x246
                    0x0248                  TSCON = 0x248
                    0x0248                  _TSCON = 0x248
                    0x0248                  _TSCONbits = 0x248
                    0x024c                  RSCON = 0x24c
                    0x024c                  _RSCON = 0x24c
                    0x024c                  _RSCONbits = 0x24c
                    0x0250                  RXBUF0 = 0x250
                    0x0250                  _RXBUF0 = 0x250
                    0x0252                  RXBUF1 = 0x252
                    0x0252                  _RXBUF1 = 0x252
                    0x0254                  RXBUF2 = 0x254
                    0x0254                  _RXBUF2 = 0x254
                    0x0256                  RXBUF3 = 0x256
                    0x0256                  _RXBUF3 = 0x256
                    0x0258                  TXBUF0 = 0x258
                    0x0258                  _TXBUF0 = 0x258
                    0x025a                  TXBUF1 = 0x25a
                    0x025a                  _TXBUF1 = 0x25a
                    0x025c                  TXBUF2 = 0x25c
                    0x025c                  _TXBUF2 = 0x25c
                    0x025e                  TXBUF3 = 0x25e
                    0x025e                  _TXBUF3 = 0x25e
                    0x0280                  ADCBUF0 = 0x280
                    0x0280                  _ADCBUF0 = 0x280
                    0x0282                  ADCBUF1 = 0x282
                    0x0282                  _ADCBUF1 = 0x282
                    0x0284                  ADCBUF2 = 0x284
                    0x0284                  _ADCBUF2 = 0x284
                    0x0286                  ADCBUF3 = 0x286
                    0x0286                  _ADCBUF3 = 0x286
                    0x0288                  ADCBUF4 = 0x288
                    0x0288                  _ADCBUF4 = 0x288
                    0x028a                  ADCBUF5 = 0x28a
                    0x028a                  _ADCBUF5 = 0x28a
                    0x028c                  ADCBUF6 = 0x28c
                    0x028c                  _ADCBUF6 = 0x28c
                    0x028e                  ADCBUF7 = 0x28e
                    0x028e                  _ADCBUF7 = 0x28e
                    0x0290                  ADCBUF8 = 0x290
                    0x0290                  _ADCBUF8 = 0x290
                    0x0292                  ADCBUF9 = 0x292
                    0x0292                  _ADCBUF9 = 0x292
                    0x0294                  ADCBUFA = 0x294
                    0x0294                  _ADCBUFA = 0x294
                    0x0296                  ADCBUFB = 0x296
                    0x0296                  _ADCBUFB = 0x296
                    0x0298                  ADCBUFC = 0x298
                    0x0298                  _ADCBUFC = 0x298
                    0x029a                  ADCBUFD = 0x29a
                    0x029a                  _ADCBUFD = 0x29a
                    0x029c                  ADCBUFE = 0x29c
                    0x029c                  _ADCBUFE = 0x29c
                    0x029e                  ADCBUFF = 0x29e
                    0x029e                  _ADCBUFF = 0x29e
                    0x02a0                  ADCON1 = 0x2a0
                    0x02a0                  _ADCON1 = 0x2a0
                    0x02a0                  _ADCON1bits = 0x2a0
                    0x02a2                  ADCON2 = 0x2a2
                    0x02a2                  _ADCON2 = 0x2a2
                    0x02a2                  _ADCON2bits = 0x2a2
                    0x02a4                  ADCON3 = 0x2a4
                    0x02a4                  _ADCON3 = 0x2a4
                    0x02a4                  _ADCON3bits = 0x2a4
                    0x02a6                  ADCHS = 0x2a6
                    0x02a6                  _ADCHS = 0x2a6
                    0x02a6                  _ADCHSbits = 0x2a6
                    0x02a8                  ADPCFG = 0x2a8
                    0x02a8                  _ADPCFG = 0x2a8
                    0x02a8                  _ADPCFGbits = 0x2a8
                    0x02aa                  ADCSSL = 0x2aa
                    0x02aa                  _ADCSSL = 0x2aa
                    0x02aa                  _ADCSSLbits = 0x2aa
                    0x02c0                  TRISA = 0x2c0
                    0x02c0                  _TRISA = 0x2c0
                    0x02c0                  _TRISAbits = 0x2c0
                    0x02c2                  PORTA = 0x2c2
                    0x02c2                  _PORTA = 0x2c2
                    0x02c2                  _PORTAbits = 0x2c2
                    0x02c4                  LATA = 0x2c4
                    0x02c4                  _LATA = 0x2c4
                    0x02c4                  _LATAbits = 0x2c4
                    0x02c6                  TRISB = 0x2c6
                    0x02c6                  _TRISB = 0x2c6
                    0x02c6                  _TRISBbits = 0x2c6
                    0x02c8                  PORTB = 0x2c8
                    0x02c8                  _PORTB = 0x2c8
                    0x02c8                  _PORTBbits = 0x2c8
                    0x02ca                  LATB = 0x2ca
                    0x02ca                  _LATB = 0x2ca
                    0x02ca                  _LATBbits = 0x2ca
                    0x02cc                  TRISC = 0x2cc
                    0x02cc                  _TRISC = 0x2cc
                    0x02cc                  _TRISCbits = 0x2cc
                    0x02ce                  PORTC = 0x2ce
                    0x02ce                  _PORTC = 0x2ce
                    0x02ce                  _PORTCbits = 0x2ce
                    0x02d0                  LATC = 0x2d0
                    0x02d0                  _LATC = 0x2d0
                    0x02d0                  _LATCbits = 0x2d0
                    0x02d2                  TRISD = 0x2d2
                    0x02d2                  _TRISD = 0x2d2
                    0x02d2                  _TRISDbits = 0x2d2
                    0x02d4                  PORTD = 0x2d4
                    0x02d4                  _PORTD = 0x2d4
                    0x02d4                  _PORTDbits = 0x2d4
                    0x02d6                  LATD = 0x2d6
                    0x02d6                  _LATD = 0x2d6
                    0x02d6                  _LATDbits = 0x2d6
                    0x02de                  TRISF = 0x2de
                    0x02de                  _TRISF = 0x2de
                    0x02de                  _TRISFbits = 0x2de
                    0x02e0                  PORTF = 0x2e0
                    0x02e0                  _PORTF = 0x2e0
                    0x02e0                  _PORTFbits = 0x2e0
                    0x02e2                  LATF = 0x2e2
                    0x02e2                  _LATF = 0x2e2
                    0x02e2                  _LATFbits = 0x2e2
                    0x02e4                  TRISG = 0x2e4
                    0x02e4                  _TRISG = 0x2e4
                    0x02e4                  _TRISGbits = 0x2e4
                    0x02e6                  PORTG = 0x2e6
                    0x02e6                  _PORTG = 0x2e6
                    0x02e6                  _PORTGbits = 0x2e6
                    0x02e8                  LATG = 0x2e8
                    0x02e8                  _LATG = 0x2e8
                    0x02e8                  _LATGbits = 0x2e8
                    0x0300                  C1RXF0SID = 0x300
                    0x0300                  _C1RXF0SID = 0x300
                    0x0300                  _C1RXF0SIDbits = 0x300
                    0x0302                  C1RXF0EIDH = 0x302
                    0x0302                  _C1RXF0EIDH = 0x302
                    0x0302                  _C1RXF0EIDHbits = 0x302
                    0x0304                  C1RXF0EIDL = 0x304
                    0x0304                  _C1RXF0EIDL = 0x304
                    0x0304                  _C1RXF0EIDLbits = 0x304
                    0x0308                  C1RXF1SID = 0x308
                    0x0308                  _C1RXF1SID = 0x308
                    0x0308                  _C1RXF1SIDbits = 0x308
                    0x030a                  C1RXF1EIDH = 0x30a
                    0x030a                  _C1RXF1EIDH = 0x30a
                    0x030a                  _C1RXF1EIDHbits = 0x30a
                    0x030c                  C1RXF1EIDL = 0x30c
                    0x030c                  _C1RXF1EIDL = 0x30c
                    0x030c                  _C1RXF1EIDLbits = 0x30c
                    0x0310                  C1RXF2SID = 0x310
                    0x0310                  _C1RXF2SID = 0x310
                    0x0310                  _C1RXF2SIDbits = 0x310
                    0x0312                  C1RXF2EIDH = 0x312
                    0x0312                  _C1RXF2EIDH = 0x312
                    0x0312                  _C1RXF2EIDHbits = 0x312
                    0x0314                  C1RXF2EIDL = 0x314
                    0x0314                  _C1RXF2EIDL = 0x314
                    0x0314                  _C1RXF2EIDLbits = 0x314
                    0x0318                  C1RXF3SID = 0x318
                    0x0318                  _C1RXF3SID = 0x318
                    0x0318                  _C1RXF3SIDbits = 0x318
                    0x031a                  C1RXF3EIDH = 0x31a
                    0x031a                  _C1RXF3EIDH = 0x31a
                    0x031a                  _C1RXF3EIDHbits = 0x31a
                    0x031c                  C1RXF3EIDL = 0x31c
                    0x031c                  _C1RXF3EIDL = 0x31c
                    0x031c                  _C1RXF3EIDLbits = 0x31c
                    0x0320                  C1RXF4SID = 0x320
                    0x0320                  _C1RXF4SID = 0x320
                    0x0320                  _C1RXF4SIDbits = 0x320
                    0x0322                  C1RXF4EIDH = 0x322
                    0x0322                  _C1RXF4EIDH = 0x322
                    0x0322                  _C1RXF4EIDHbits = 0x322
                    0x0324                  C1RXF4EIDL = 0x324
                    0x0324                  _C1RXF4EIDL = 0x324
                    0x0324                  _C1RXF4EIDLbits = 0x324
                    0x0328                  C1RXF5SID = 0x328
                    0x0328                  _C1RXF5SID = 0x328
                    0x0328                  _C1RXF5SIDbits = 0x328
                    0x032a                  C1RXF5EIDH = 0x32a
                    0x032a                  _C1RXF5EIDH = 0x32a
                    0x032a                  _C1RXF5EIDHbits = 0x32a
                    0x032c                  C1RXF5EIDL = 0x32c
                    0x032c                  _C1RXF5EIDL = 0x32c
                    0x032c                  _C1RXF5EIDLbits = 0x32c
                    0x0330                  C1RXM0SID = 0x330
                    0x0330                  _C1RXM0SID = 0x330
                    0x0330                  _C1RXM0SIDbits = 0x330
                    0x0332                  C1RXM0EIDH = 0x332
                    0x0332                  _C1RXM0EIDH = 0x332
                    0x0332                  _C1RXM0EIDHbits = 0x332
                    0x0334                  C1RXM0EIDL = 0x334
                    0x0334                  _C1RXM0EIDL = 0x334
                    0x0334                  _C1RXM0EIDLbits = 0x334
                    0x0338                  C1RXM1SID = 0x338
                    0x0338                  _C1RXM1SID = 0x338
                    0x0338                  _C1RXM1SIDbits = 0x338
                    0x033a                  C1RXM1EIDH = 0x33a
                    0x033a                  _C1RXM1EIDH = 0x33a
                    0x033a                  _C1RXM1EIDHbits = 0x33a
                    0x033c                  C1RXM1EIDL = 0x33c
                    0x033c                  _C1RXM1EIDL = 0x33c
                    0x033c                  _C1RXM1EIDLbits = 0x33c
                    0x0340                  C1TX2SID = 0x340
                    0x0340                  _C1TX2SID = 0x340
                    0x0340                  _C1TX2SIDbits = 0x340
                    0x0342                  C1TX2EID = 0x342
                    0x0342                  _C1TX2EID = 0x342
                    0x0342                  _C1TX2EIDbits = 0x342
                    0x0344                  C1TX2DLC = 0x344
                    0x0344                  _C1TX2DLC = 0x344
                    0x0344                  _C1TX2DLCbits = 0x344
                    0x0346                  C1TX2B1 = 0x346
                    0x0346                  _C1TX2B1 = 0x346
                    0x0346                  _C1TX2B1bits = 0x346
                    0x0348                  C1TX2B2 = 0x348
                    0x0348                  _C1TX2B2 = 0x348
                    0x0348                  _C1TX2B2bits = 0x348
                    0x034a                  C1TX2B3 = 0x34a
                    0x034a                  _C1TX2B3 = 0x34a
                    0x034a                  _C1TX2B3bits = 0x34a
                    0x034c                  C1TX2B4 = 0x34c
                    0x034c                  _C1TX2B4 = 0x34c
                    0x034c                  _C1TX2B4bits = 0x34c
                    0x034e                  C1TX2CON = 0x34e
                    0x034e                  _C1TX2CON = 0x34e
                    0x034e                  _C1TX2CONbits = 0x34e
                    0x0350                  C1TX1SID = 0x350
                    0x0350                  _C1TX1SID = 0x350
                    0x0350                  _C1TX1SIDbits = 0x350
                    0x0352                  C1TX1EID = 0x352
                    0x0352                  _C1TX1EID = 0x352
                    0x0352                  _C1TX1EIDbits = 0x352
                    0x0354                  C1TX1DLC = 0x354
                    0x0354                  _C1TX1DLC = 0x354
                    0x0354                  _C1TX1DLCbits = 0x354
                    0x0356                  C1TX1B1 = 0x356
                    0x0356                  _C1TX1B1 = 0x356
                    0x0356                  _C1TX1B1bits = 0x356
                    0x0358                  C1TX1B2 = 0x358
                    0x0358                  _C1TX1B2 = 0x358
                    0x0358                  _C1TX1B2bits = 0x358
                    0x035a                  C1TX1B3 = 0x35a
                    0x035a                  _C1TX1B3 = 0x35a
                    0x035a                  _C1TX1B3bits = 0x35a
                    0x035c                  C1TX1B4 = 0x35c
                    0x035c                  _C1TX1B4 = 0x35c
                    0x035c                  _C1TX1B4bits = 0x35c
                    0x035e                  C1TX1CON = 0x35e
                    0x035e                  _C1TX1CON = 0x35e
                    0x035e                  _C1TX1CONbits = 0x35e
                    0x0360                  C1TX0SID = 0x360
                    0x0360                  _C1TX0SID = 0x360
                    0x0360                  _C1TX0SIDbits = 0x360
                    0x0362                  C1TX0EID = 0x362
                    0x0362                  _C1TX0EID = 0x362
                    0x0362                  _C1TX0EIDbits = 0x362
                    0x0364                  C1TX0DLC = 0x364
                    0x0364                  _C1TX0DLC = 0x364
                    0x0364                  _C1TX0DLCbits = 0x364
                    0x0366                  C1TX0B1 = 0x366
                    0x0366                  _C1TX0B1 = 0x366
                    0x0366                  _C1TX0B1bits = 0x366
                    0x0368                  C1TX0B2 = 0x368
                    0x0368                  _C1TX0B2 = 0x368
                    0x0368                  _C1TX0B2bits = 0x368
                    0x036a                  C1TX0B3 = 0x36a
                    0x036a                  _C1TX0B3 = 0x36a
                    0x036a                  _C1TX0B3bits = 0x36a
                    0x036c                  C1TX0B4 = 0x36c
                    0x036c                  _C1TX0B4 = 0x36c
                    0x036c                  _C1TX0B4bits = 0x36c
                    0x036e                  C1TX0CON = 0x36e
                    0x036e                  _C1TX0CON = 0x36e
                    0x036e                  _C1TX0CONbits = 0x36e
                    0x0370                  C1RX1SID = 0x370
                    0x0370                  _C1RX1SID = 0x370
                    0x0370                  _C1RX1SIDbits = 0x370
                    0x0372                  C1RX1EID = 0x372
                    0x0372                  _C1RX1EID = 0x372
                    0x0372                  _C1RX1EIDbits = 0x372
                    0x0374                  C1RX1DLC = 0x374
                    0x0374                  _C1RX1DLC = 0x374
                    0x0374                  _C1RX1DLCbits = 0x374
                    0x0376                  C1RX1B1 = 0x376
                    0x0376                  _C1RX1B1 = 0x376
                    0x0376                  _C1RX1B1bits = 0x376
                    0x0378                  C1RX1B2 = 0x378
                    0x0378                  _C1RX1B2 = 0x378
                    0x0378                  _C1RX1B2bits = 0x378
                    0x037a                  C1RX1B3 = 0x37a
                    0x037a                  _C1RX1B3 = 0x37a
                    0x037a                  _C1RX1B3bits = 0x37a
                    0x037c                  C1RX1B4 = 0x37c
                    0x037c                  _C1RX1B4 = 0x37c
                    0x037c                  _C1RX1B4bits = 0x37c
                    0x037e                  C1RX1CON = 0x37e
                    0x037e                  _C1RX1CON = 0x37e
                    0x037e                  _C1RX1CONbits = 0x37e
                    0x0380                  C1RX0SID = 0x380
                    0x0380                  _C1RX0SID = 0x380
                    0x0380                  _C1RX0SIDbits = 0x380